#
# There is insufficient memory for the Java Runtime Environment to continue.
# Native memory allocation (malloc) failed to allocate 2390360 bytes. Error detail: Chunk::new
# Possible reasons:
#   The system is out of physical RAM or swap space
#   This process is running with CompressedOops enabled, and the Java Heap may be blocking the growth of the native heap
# Possible solutions:
#   Reduce memory load on the system
#   Increase physical memory or swap space
#   Check if swap backing store is full
#   Decrease Java heap size (-Xmx/-Xms)
#   Decrease number of Java threads
#   Decrease Java thread stack sizes (-Xss)
#   Set larger code cache with -XX:ReservedCodeCacheSize=
#   JVM is running with Unscaled Compressed Oops mode in which the Java heap is
#     placed in the first 4GB address space. The Java Heap base address is the
#     maximum limit for the native heap growth. Please use -XX:HeapBaseMinAddress
#     to set the Java Heap base and to place the Java Heap above 4GB virtual address.
# This output file may be truncated or incomplete.
#
#  Out of Memory Error (arena.cpp:186), pid=51308, tid=43876
#
# JRE version: OpenJDK Runtime Environment (25.0.2) (build 25.0.2+-15348964-b329.117)
# Java VM: OpenJDK 64-Bit Server VM (25.0.2+-15348964-b329.117, mixed mode, tiered, compressed oops, compressed class ptrs, g1 gc, windows-amd64)
# No core dump will be written. Minidumps are not enabled by default on client versions of Windows
#

---------------  S U M M A R Y ------------

Command Line: -Dapplication.home=C:\Program Files\Android\Android Studio\jbr -Xms8m -Djdk.module.main=jdk.jlink jdk.jlink/jdk.tools.jmod.Main create --module-version 25 --target-platform LINUX-OTHER --class-path C:\Users\theof\.gradle\caches\9.6.0\transforms\efa8cd66b27539c479728d1cd89555dc\transformed\output\temp\module.jar C:\Users\theof\.gradle\caches\9.6.0\transforms\efa8cd66b27539c479728d1cd89555dc\transformed\output\temp\jmod\java.base.jmod

Host: 13th Gen Intel(R) Core(TM) i5-13420H, 12 cores, 7G,  Windows 11 , 64 bit Build 26100 (10.0.26100.9444)
Time: Thu Sep 17 14:26:00 2026 Hora oficial do Brasil elapsed time: 0.321226 seconds (0d 0h 0m 0s)

---------------  T H R E A D  ---------------

Current thread (0x00000253c7d05f70):  JavaThread "C2 CompilerThread0" daemon [_thread_in_native, id=43876, stack(0x000000fa53300000,0x000000fa53400000) (1024K)]


Current CompileTask:
C2:321  542       4       java.io.DataInputStream::readFully (59 bytes)

Stack: [0x000000fa53300000,0x000000fa53400000]
Native frames: (J=compiled Java code, j=interpreted, Vv=VM code, C=native code)
V  [jvm.dll+0x7bd439]  (no source info available)
V  [jvm.dll+0x78763d]  (no source info available)
V  [jvm.dll+0xa0c885]  (no source info available)
V  [jvm.dll+0xa0ef04]  (no source info available)
V  [jvm.dll+0xa0f603]  (no source info available)
V  [jvm.dll+0x309bf6]  (no source info available)
V  [jvm.dll+0x10ea69]  (no source info available)
V  [jvm.dll+0x10ed92]  (no source info available)
V  [jvm.dll+0x1a9837]  (no source info available)
V  [jvm.dll+0x3bec92]  (no source info available)
V  [jvm.dll+0x7c2cb7]  (no source info available)
V  [jvm.dll+0x2ce046]  (no source info available)
V  [jvm.dll+0x2cd221]  (no source info available)
V  [jvm.dll+0x242ffa]  (no source info available)
V  [jvm.dll+0x2dcc05]  (no source info available)
V  [jvm.dll+0x2dae06]  (no source info available)
V  [jvm.dll+0x49b59e]  (no source info available)
V  [jvm.dll+0x9ab9c8]  (no source info available)
V  [jvm.dll+0x7bb985]  (no source info available)
C  [ucrtbase.dll+0x2cd30]  (no source info available)
C  [KERNEL32.DLL+0x2cd87]  (no source info available)
C  [ntdll.dll+0xacaec]  (no source info available)

Lock stack of current Java thread (top to bottom):


---------------  P R O C E S S  ---------------

Threads class SMR info:
_java_thread_list=0x00000253c8421390, length=11, elements={
0x00000253ade4d660, 0x00000253c7cb6ef0, 0x00000253c7cef780, 0x00000253c7cb8e00,
0x00000253c7cd4510, 0x00000253c7cc8f70, 0x00000253c7cc9730, 0x00000253c7cd2300,
0x00000253c7d05f70, 0x00000253c7d097a0, 0x00000253c841fd90
}

Java Threads: ( => current thread )
  0x00000253ade4d660 JavaThread "main"                              [_thread_in_Java, id=29600, stack(0x000000fa52400000,0x000000fa52500000) (1024K)]
  0x00000253c7cb6ef0 JavaThread "Common-Cleaner"             daemon [_thread_blocked, id=53020, stack(0x000000fa52c00000,0x000000fa52d00000) (1024K)]
  0x00000253c7cef780 JavaThread "Reference Handler"          daemon [_thread_blocked, id=46864, stack(0x000000fa52d00000,0x000000fa52e00000) (1024K)]
  0x00000253c7cb8e00 JavaThread "Finalizer"                  daemon [_thread_blocked, id=27336, stack(0x000000fa52e00000,0x000000fa52f00000) (1024K)]
  0x00000253c7cd4510 JavaThread "Signal Dispatcher"          daemon [_thread_blocked, id=47600, stack(0x000000fa52f00000,0x000000fa53000000) (1024K)]
  0x00000253c7cc8f70 JavaThread "Attach Listener"            daemon [_thread_blocked, id=51600, stack(0x000000fa53000000,0x000000fa53100000) (1024K)]
  0x00000253c7cc9730 JavaThread "Service Thread"             daemon [_thread_blocked, id=50680, stack(0x000000fa53100000,0x000000fa53200000) (1024K)]
  0x00000253c7cd2300 JavaThread "Monitor Deflation Thread"   daemon [_thread_blocked, id=28392, stack(0x000000fa53200000,0x000000fa53300000) (1024K)]
=>0x00000253c7d05f70 JavaThread "C2 CompilerThread0"         daemon [_thread_in_native, id=43876, stack(0x000000fa53300000,0x000000fa53400000) (1024K)]
  0x00000253c7d097a0 JavaThread "C1 CompilerThread0"         daemon [_thread_in_native, id=38064, stack(0x000000fa53400000,0x000000fa53500000) (1024K)]
  0x00000253c841fd90 JavaThread "Notification Thread"        daemon [_thread_blocked, id=29120, stack(0x000000fa53500000,0x000000fa53600000) (1024K)]
Total: 11

Other Threads:
  0x00000253c7c92da0 VMThread "VM Thread"                           [id=51724, stack(0x000000fa52b00000,0x000000fa52c00000) (1024K)]
  0x00000253c7c528d0 WatcherThread "VM Periodic Task Thread"        [id=38804, stack(0x000000fa52a00000,0x000000fa52b00000) (1024K)]
  0x00000253b04212f0 WorkerThread "GC Thread#0"                     [id=24272, stack(0x000000fa52500000,0x000000fa52600000) (1024K)]
  0x00000253c864f800 WorkerThread "GC Thread#1"                     [id=49756, stack(0x000000fa53600000,0x000000fa53700000) (1024K)]
  0x00000253c89ec3b0 WorkerThread "GC Thread#2"                     [id=51508, stack(0x000000fa53700000,0x000000fa53800000) (1024K)]
  0x00000253c89eb270 WorkerThread "GC Thread#3"                     [id=28736, stack(0x000000fa53800000,0x000000fa53900000) (1024K)]
  0x00000253b0456b10 ConcurrentGCThread "G1 Main Marker"            [id=45436, stack(0x000000fa52600000,0x000000fa52700000) (1024K)]
  0x00000253b0459d60 WorkerThread "G1 Conc#0"                       [id=7460, stack(0x000000fa52700000,0x000000fa52800000) (1024K)]
  0x00000253c7b30eb0 ConcurrentGCThread "G1 Refine#0"               [id=30688, stack(0x000000fa52800000,0x000000fa52900000) (1024K)]
  0x00000253c7b318c0 ConcurrentGCThread "G1 Service"                [id=40824, stack(0x000000fa52900000,0x000000fa52a00000) (1024K)]
Total: 10

Threads with active compile tasks:
C2 CompilerThread0  395  542       4       java.io.DataInputStream::readFully (59 bytes)
Total: 1

VM state: not at safepoint (normal execution)

VM Mutex/Monitor currently owned by a thread: None

Heap address: 0x0000000084a00000, size: 1974 MB, Compressed Oops mode: 32-bit

CDS archive(s) not mapped
Compressed class space mapped at: 0x000000003d000000-0x000000007d000000, reserved size: 1073741824
UseCompressedClassPointers 1, UseCompactObjectHeaders 0
Narrow klass pointer bits 32, Max shift 3
Narrow klass base: 0x0000000000000000, Narrow klass shift: 0
Encoding Range: [0x0000000000000000 - 0x0000000100000000), (4294967296 bytes)
Klass Range:    [0x000000003d000000 - 0x000000007d000000), (1073741824 bytes)
Klass ID Range:  [1023410176 - 2097151993) (1073741817)
No protection zone.

GC Precious Log:
 CardTable entry size: 512
 Card Set container configuration: InlinePtr #cards 5 size 8 Array Of Cards #cards 10 size 36 Howl #buckets 4 coarsen threshold 1843 Howl Bitmap #cards 512 size 80 coarsen threshold 460 Card regions per heap region 1 cards per card region 2048
 CPUs: 12 total, 12 available
 Memory: 7895M
 Large Page Support: Disabled
 NUMA Support: Disabled
 Compressed Oops: Enabled (32-bit)
 Heap Region Size: 1M
 Heap Min Capacity: 8M
 Heap Initial Capacity: 8M
 Heap Max Capacity: 1974M
 Pre-touch: Disabled
 Parallel Workers: 10
 Concurrent Workers: 3
 Concurrent Refinement Workers: 10
 Periodic GC: Disabled

Heap:
 garbage-first heap   total reserved 2021376K, committed 8192K, used 2912K [0x0000000084a00000, 0x0000000100000000)
  region size 1024K, 4 young (4096K), 1 survivors (1024K)

Heap Regions: E=young(eden), S=young(survivor), O=old, HS=humongous(starts), HC=humongous(continues), CS=collection set, F=free, TAMS=top-at-mark-start, PB=parsable bottom
|   0|0x0000000084a00000, 0x0000000084b00000, 0x0000000084b00000|100%| O|  |TAMS 0x0000000084a00000| PB 0x0000000084a00000| Untracked |  0
|   1|0x0000000084b00000, 0x0000000084bab6d0, 0x0000000084c00000| 66%| O|  |TAMS 0x0000000084b00000| PB 0x0000000084b00000| Untracked |  0
|   2|0x0000000084c00000, 0x0000000084c00000, 0x0000000084d00000|  0%| F|  |TAMS 0x0000000084c00000| PB 0x0000000084c00000| Untracked |  0
|   3|0x0000000084d00000, 0x0000000084d2cc70, 0x0000000084e00000| 17%| S|CS|TAMS 0x0000000084d00000| PB 0x0000000084d00000| Complete |  0
|   4|0x0000000084e00000, 0x0000000084e00000, 0x0000000084f00000|  0%| F|  |TAMS 0x0000000084e00000| PB 0x0000000084e00000| Untracked |  0
|   5|0x0000000084f00000, 0x0000000084f6d3c8, 0x0000000085000000| 42%| E|  |TAMS 0x0000000084f00000| PB 0x0000000084f00000| Complete |  1
|   6|0x0000000085000000, 0x0000000085100000, 0x0000000085100000|100%| E|  |TAMS 0x0000000085000000| PB 0x0000000085000000| Complete |  0
|   7|0x0000000085100000, 0x0000000085200000, 0x0000000085200000|100%| E|CS|TAMS 0x0000000085100000| PB 0x0000000085100000| Complete |  0

Card table byte_map: [0x00000253c31f0000,0x00000253c35d0000] _byte_map_base: 0x00000253c2dcb000

Marking Bits: (CMBitMap*) 0x00000253b0421a80
 Bits: [0x00000253c35d0000, 0x00000253c54a8000)

Polling page: 0x00000253ae1b0000

Metaspace:
Metaspace        used 10387K, committed 10496K, reserved 1114112K
 class space     used 1032K, committed 1088K, reserved 1048576K

Usage:
  Non-class:      9.14 MB used.
      Class:      1.01 MB used.
       Both:     10.14 MB used.

Virtual space:
  Non-class space:       64.00 MB reserved,       9.19 MB ( 14%) committed,  1 nodes.
      Class space:        1.00 GB reserved,       1.06 MB ( <1%) committed,  1 nodes.
             Both:        1.06 GB reserved,      10.25 MB ( <1%) committed. 

Chunk freelists:
   Non-Class:  6.47 MB
       Class:  14.75 MB
        Both:  21.22 MB

MaxMetaspaceSize: unlimited
CompressedClassSpaceSize: 1.00 GB
Initial GC threshold: 21.00 MB
Current GC threshold: 21.00 MB
CDS: off
 - commit_granule_bytes: 65536.
 - commit_granule_words: 8192.
 - virtual_space_node_default_size: 8388608.
 - enlarge_chunks_in_place: 1.
UseCompressedClassPointers 1, UseCompactObjectHeaders 0
Narrow klass pointer bits 32, Max shift 3
Narrow klass base: 0x0000000000000000, Narrow klass shift: 0
Encoding Range: [0x0000000000000000 - 0x0000000100000000), (4294967296 bytes)
Klass Range:    [0x000000003d000000 - 0x000000007d000000), (1073741824 bytes)
Klass ID Range:  [1023410176 - 2097151993) (1073741817)
No protection zone.


Internal statistics:

num_allocs_failed_limit: 0.
num_arena_births: 12.
num_arena_deaths: 0.
num_vsnodes_births: 2.
num_vsnodes_deaths: 0.
num_space_committed: 164.
num_space_uncommitted: 0.
num_chunks_returned_to_freelist: 0.
num_chunks_taken_from_freelist: 45.
num_chunk_merges: 0.
num_chunk_splits: 23.
num_chunks_enlarged: 13.
num_inconsistent_stats: 0.

CodeHeap 'non-profiled nmethods': size=120064Kb used=160Kb max_used=160Kb free=119903Kb
 bounds [0x00000253bb380000, 0x00000253bb5f0000, 0x00000253c28c0000]
CodeHeap 'profiled nmethods': size=120000Kb used=984Kb max_used=984Kb free=119015Kb
 bounds [0x00000253b38c0000, 0x00000253b3b30000, 0x00000253badf0000]
CodeHeap 'non-nmethods': size=5696Kb used=1315Kb max_used=1318Kb free=4380Kb
 bounds [0x00000253badf0000, 0x00000253bb060000, 0x00000253bb380000]
CodeCache: size=245760Kb, used=2459Kb, max_used=2462Kb, free=243298Kb
 total_blobs=1224, nmethods=766, adapters=361, full_count=0
Compilation: enabled, stopped_count=0, restarted_count=0

Compilation events (20 events):
Event: 0.312 Thread 0x00000253c7d097a0  568       3       java.time.temporal.ValueRange::isValidValue (24 bytes)
Event: 0.312 Thread 0x00000253c7d097a0 nmethod 568 0x00000253b3966308 code [0x00000253b3966400, 0x00000253b3966698]
Event: 0.312 Thread 0x00000253c7d097a0  569       3       java.time.temporal.ChronoField::checkValidValue (10 bytes)
Event: 0.312 Thread 0x00000253c7d097a0 nmethod 569 0x00000253b3966708 code [0x00000253b3966800, 0x00000253b3966a40]
Event: 0.312 Thread 0x00000253c7d097a0  564       1       java.time.temporal.ChronoField::range (5 bytes)
Event: 0.312 Thread 0x00000253c7d097a0 nmethod 564 0x00000253bb3a3088 code [0x00000253bb3a3180, 0x00000253bb3a3248]
Event: 0.312 Thread 0x00000253c7d097a0  566       1       java.time.zone.ZoneOffsetTransition::getOffsetAfter (5 bytes)
Event: 0.312 Thread 0x00000253c7d097a0 nmethod 566 0x00000253bb3a3388 code [0x00000253bb3a3480, 0x00000253bb3a3548]
Event: 0.312 Thread 0x00000253c7d097a0  567       1       java.time.zone.ZoneOffsetTransition::getOffsetBefore (5 bytes)
Event: 0.312 Thread 0x00000253c7d097a0 nmethod 567 0x00000253bb3a3688 code [0x00000253bb3a3780, 0x00000253bb3a3848]
Event: 0.313 Thread 0x00000253c7d097a0  570       3       java.nio.ByteBuffer::limit (6 bytes)
Event: 0.313 Thread 0x00000253c7d097a0 nmethod 570 0x00000253b3966a88 code [0x00000253b3966b80, 0x00000253b3966d40]
Event: 0.313 Thread 0x00000253c7d097a0  571       3       java.nio.ByteBuffer::position (6 bytes)
Event: 0.313 Thread 0x00000253c7d097a0 nmethod 571 0x00000253b3966d88 code [0x00000253b3966e80, 0x00000253b3967040]
Event: 0.313 Thread 0x00000253c7d097a0  572   !   3       java.nio.ByteBuffer::wrap (21 bytes)
Event: 0.313 Thread 0x00000253c7d097a0 nmethod 572 0x00000253b3967088 code [0x00000253b3967180, 0x00000253b39673f8]
Event: 0.313 Thread 0x00000253c7d097a0  573       3       jdk.internal.misc.CarrierThreadLocal::get (10 bytes)
Event: 0.314 Thread 0x00000253c7d097a0 nmethod 573 0x00000253b3967408 code [0x00000253b3967500, 0x00000253b39677b0]
Event: 0.314 Thread 0x00000253c7d097a0  574       3       java.lang.System$1::getCarrierThreadLocal (5 bytes)
Event: 0.314 Thread 0x00000253c7d097a0 nmethod 574 0x00000253b3967808 code [0x00000253b3967900, 0x00000253b3967b40]

GC Heap Usage History (2 events):
Event: 0.278 {heap Before GC invocations=0 (full 0):
 garbage-first heap   total reserved 2021376K, committed 8192K, used 4096K [0x0000000084a00000, 0x0000000100000000)
  region size 1024K, 4 young (4096K), 0 survivors (0K)
}
Event: 0.281 {heap After GC invocations=1 (full 0):
 garbage-first heap   total reserved 2021376K, committed 8192K, used 1024K [0x0000000084a00000, 0x0000000100000000)
  region size 1024K, 1 young (1024K), 1 survivors (1024K)
}

Metaspace Usage History (2 events):
Event: 0.278 {metaspace Before GC invocations=0 (full 0):
 Metaspace       used 9689K, committed 9792K, reserved 1114112K
  class space    used 939K, committed 960K, reserved 1048576K
}
Event: 0.281 {metaspace After GC invocations=1 (full 0):
 Metaspace       used 9689K, committed 9792K, reserved 1114112K
  class space    used 939K, committed 960K, reserved 1048576K
}

Dll operation events (2 events):
Event: 0.009 Loaded shared library C:\Program Files\Android\Android Studio\jbr\bin\java.dll
Event: 0.014 Loaded shared library C:\Program Files\Android\Android Studio\jbr\bin\zip.dll

Deoptimization events (18 events):
Event: 0.098 Thread 0x00000253ade4d660 Uncommon trap: trap_request=0xffffff45 fr.pc=0x00000253bb383d6c relative=0x000000000000026c
Event: 0.098 Thread 0x00000253ade4d660 Uncommon trap: reason=unstable_if action=reinterpret pc=0x00000253bb383d6c method=java.lang.String.hashCode()I @ 13 c2
Event: 0.098 Thread 0x00000253ade4d660 DEOPT PACKING pc=0x00000253bb383d6c sp=0x000000fa524fc440
Event: 0.098 Thread 0x00000253ade4d660 DEOPT UNPACKING pc=0x00000253baf08582 sp=0x000000fa524fc3d8 mode 2
Event: 0.253 Thread 0x00000253ade4d660 Uncommon trap: trap_request=0xffffff45 fr.pc=0x00000253bb3867a4 relative=0x0000000000000724
Event: 0.253 Thread 0x00000253ade4d660 Uncommon trap: reason=unstable_if action=reinterpret pc=0x00000253bb3867a4 method=java.util.HashMap.putVal(ILjava/lang/Object;Ljava/lang/Object;ZZ)Ljava/lang/Object; @ 181 c2
Event: 0.253 Thread 0x00000253ade4d660 DEOPT PACKING pc=0x00000253bb3867a4 sp=0x000000fa524febc0
Event: 0.253 Thread 0x00000253ade4d660 DEOPT UNPACKING pc=0x00000253baf08582 sp=0x000000fa524feb40 mode 2
Event: 0.270 Thread 0x00000253ade4d660 Uncommon trap: trap_request=0xffffff45 fr.pc=0x00000253bb397bf4 relative=0x0000000000000074
Event: 0.270 Thread 0x00000253ade4d660 Uncommon trap: reason=unstable_if action=reinterpret pc=0x00000253bb397bf4 method=jdk.internal.misc.Unsafe.convEndian(ZI)I @ 4 c2
Event: 0.270 Thread 0x00000253ade4d660 DEOPT PACKING pc=0x00000253bb397bf4 sp=0x000000fa524fee00
Event: 0.270 Thread 0x00000253ade4d660 DEOPT UNPACKING pc=0x00000253baf08582 sp=0x000000fa524fed30 mode 2
Event: 0.270 Thread 0x00000253ade4d660 Uncommon trap: trap_request=0xffffff45 fr.pc=0x00000253bb3978f8 relative=0x0000000000000078
Event: 0.270 Thread 0x00000253ade4d660 Uncommon trap: reason=unstable_if action=reinterpret pc=0x00000253bb3978f8 method=jdk.internal.misc.Unsafe.convEndian(ZS)S @ 4 c2
Event: 0.270 Thread 0x00000253ade4d660 DEOPT PACKING pc=0x00000253bb3978f8 sp=0x000000fa524fee00
Event: 0.270 Thread 0x00000253ade4d660 DEOPT UNPACKING pc=0x00000253baf08582 sp=0x000000fa524fed30 mode 2
Event: 0.295 Thread 0x00000253ade4d660 DEOPT PACKING pc=0x00000253b3909270 sp=0x000000fa524fe700
Event: 0.295 Thread 0x00000253ade4d660 DEOPT UNPACKING pc=0x00000253bae41702 sp=0x000000fa524fdb38 mode 0

Classes loaded (20 events):
Event: 0.311 Loading class java/util/Collections$EmptyEnumeration
Event: 0.311 Loading class java/util/Collections$EmptyEnumeration done
Event: 0.311 Loading class jdk/internal/loader/BuiltinClassLoader$1
Event: 0.311 Loading class jdk/internal/loader/BuiltinClassLoader$1 done
Event: 0.311 Loading class java/lang/CompoundEnumeration
Event: 0.311 Loading class java/lang/CompoundEnumeration done
Event: 0.311 Loading class jdk/internal/loader/URLClassPath$1
Event: 0.311 Loading class jdk/internal/loader/URLClassPath$1 done
Event: 0.311 Loading class java/time/zone/Ser
Event: 0.311 Loading class java/io/Externalizable
Event: 0.311 Loading class java/io/Externalizable done
Event: 0.311 Loading class java/time/zone/Ser done
Event: 0.311 Loading class java/time/zone/ZoneRules
Event: 0.311 Loading class java/time/zone/ZoneRules done
Event: 0.311 Loading class java/time/zone/ZoneOffsetTransitionRule
Event: 0.312 Loading class java/time/zone/ZoneOffsetTransitionRule done
Event: 0.312 Loading class java/time/zone/ZoneOffsetTransition
Event: 0.312 Loading class java/time/zone/ZoneOffsetTransition done
Event: 0.312 Loading class java/util/zip/ZipOutputStream$XEntry
Event: 0.312 Loading class java/util/zip/ZipOutputStream$XEntry done

Classes unloaded (0 events):
No events

Classes redefined (0 events):
No events

Internal exceptions (3 events):
Event: 0.212 Thread 0x00000253ade4d660 Exception <a 'sun/nio/fs/WindowsException'{0x0000000084f2d1b0}> (0x0000000084f2d1b0) 
thrown [s\src\hotspot\share\prims\jni.cpp, line 535]
Event: 0.283 Thread 0x00000253ade4d660 Exception <a 'java/lang/NoSuchMethodError'{0x0000000085107738}: 'void java.lang.invoke.DirectMethodHandle$Holder.invokeSpecial(java.lang.Object, java.lang.Object, java.lang.Object)'> (0x0000000085107738) 
thrown [s\src\hotspot\share\interpreter\linkResolver.cpp, line 815]
Event: 0.286 Thread 0x00000253ade4d660 Exception <a 'java/lang/NoSuchMethodError'{0x00000000851175a8}: 'void java.lang.invoke.DirectMethodHandle$Holder.invokeStatic(java.lang.Object, java.lang.Object, java.lang.Object, java.lang.Object)'> (0x00000000851175a8) 
thrown [s\src\hotspot\share\interpreter\linkResolver.cpp, line 815]

VM Operations (6 events):
Event: 0.072 Executing non-safepoint VM operation: HandshakeAllThreads (Deoptimize)
Event: 0.072 Executing non-safepoint VM operation: HandshakeAllThreads (Deoptimize) done
Event: 0.278 Executing safepoint VM operation: G1CollectForAllocation (G1 Evacuation Pause)
Event: 0.281 Executing safepoint VM operation: G1CollectForAllocation (G1 Evacuation Pause) done
Event: 0.298 Executing non-safepoint VM operation: HandshakeAllThreads (Deoptimize)
Event: 0.298 Executing non-safepoint VM operation: HandshakeAllThreads (Deoptimize) done

Memory protections (0 events):
No events

Nmethod flushes (0 events):
No events

Events (15 events):
Event: 0.013 Thread 0x00000253ade4d660 Thread added: 0x00000253ade4d660
Event: 0.044 Thread 0x00000253ade4d660 Thread added: 0x00000253c7cb6ef0
Event: 0.048 Thread 0x00000253ade4d660 Thread added: 0x00000253c7cef780
Event: 0.048 Thread 0x00000253ade4d660 Thread added: 0x00000253c7cb8e00
Event: 0.049 Thread 0x00000253ade4d660 Thread added: 0x00000253c7cd4510
Event: 0.049 Thread 0x00000253ade4d660 Thread added: 0x00000253c7cc8f70
Event: 0.049 Thread 0x00000253ade4d660 Thread added: 0x00000253c7cc9730
Event: 0.049 Thread 0x00000253ade4d660 Thread added: 0x00000253c7cd2300
Event: 0.050 Thread 0x00000253ade4d660 Thread added: 0x00000253c7d05f70
Event: 0.050 Thread 0x00000253ade4d660 Thread added: 0x00000253c7d097a0
Event: 0.081 Thread 0x00000253ade4d660 Thread added: 0x00000253c841fd90
Event: 0.126 Loaded shared library C:\Program Files\Android\Android Studio\jbr\bin\jimage.dll
Event: 0.137 Loaded shared library C:\Program Files\Android\Android Studio\jbr\bin\zip.dll
Event: 0.208 Loaded shared library C:\Program Files\Android\Android Studio\jbr\bin\net.dll
Event: 0.210 Loaded shared library C:\Program Files\Android\Android Studio\jbr\bin\nio.dll


Dynamic libraries:
0x00007ff6815b0000 - 0x00007ff6815b8000 	C:\Program Files\Android\Android Studio\jbr\bin\jmod.exe
0x00007ffbf66e0000 - 0x00007ffbf6947000 	C:\Windows\SYSTEM32\ntdll.dll
0x00007ffbf4c10000 - 0x00007ffbf4cdb000 	C:\Windows\System32\KERNEL32.DLL
0x00007ffbf3d10000 - 0x00007ffbf4112000 	C:\Windows\System32\KERNELBASE.dll
0x00007ffbf38e0000 - 0x00007ffbf3a2c000 	C:\Windows\System32\ucrtbase.dll
0x00007ffbe8530000 - 0x00007ffbe8546000 	C:\Program Files\Android\Android Studio\jbr\bin\jli.dll
0x00007ffbe5ec0000 - 0x00007ffbe5edb000 	C:\Program Files\Android\Android Studio\jbr\bin\VCRUNTIME140.dll
0x00007ffbf5ad0000 - 0x00007ffbf5c9f000 	C:\Windows\System32\USER32.dll
0x00007ffbf4120000 - 0x00007ffbf4147000 	C:\Windows\System32\win32u.dll
0x00007ffbf5aa0000 - 0x00007ffbf5acb000 	C:\Windows\System32\GDI32.dll
0x00007ffbcf050000 - 0x00007ffbcf2e0000 	C:\Windows\WinSxS\amd64_microsoft.windows.common-controls_6595b64144ccf1df_6.0.26100.9278_none_3e0d1ba8e3303201\COMCTL32.dll
0x00007ffbf4150000 - 0x00007ffbf4279000 	C:\Windows\System32\gdi32full.dll
0x00007ffbf3a40000 - 0x00007ffbf3ae3000 	C:\Windows\System32\msvcp_win.dll
0x00007ffbf4ea0000 - 0x00007ffbf4f49000 	C:\Windows\System32\msvcrt.dll
0x00007ffbf4bd0000 - 0x00007ffbf4c01000 	C:\Windows\System32\IMM32.DLL
0x00007ffbe8820000 - 0x00007ffbe882c000 	C:\Program Files\Android\Android Studio\jbr\bin\vcruntime140_1.dll
0x00007ffbc0320000 - 0x00007ffbc03ad000 	C:\Program Files\Android\Android Studio\jbr\bin\msvcp140.dll
0x00007ffb09710000 - 0x00007ffb0a5ea000 	C:\Program Files\Android\Android Studio\jbr\bin\server\jvm.dll
0x00007ffbf58b0000 - 0x00007ffbf596c000 	C:\Windows\System32\ADVAPI32.dll
0x00007ffbf5800000 - 0x00007ffbf58a9000 	C:\Windows\System32\sechost.dll
0x00007ffbf5d70000 - 0x00007ffbf5e88000 	C:\Windows\System32\RPCRT4.dll
0x00007ffbf4ac0000 - 0x00007ffbf4b40000 	C:\Windows\System32\WS2_32.dll
0x00007ffbf23e0000 - 0x00007ffbf243e000 	C:\Windows\SYSTEM32\POWRPROF.dll
0x00007ffbe2060000 - 0x00007ffbe206b000 	C:\Windows\SYSTEM32\VERSION.dll
0x00007ffbeff70000 - 0x00007ffbeffa6000 	C:\Windows\SYSTEM32\WINMM.dll
0x00007ffbf23c0000 - 0x00007ffbf23d5000 	C:\Windows\SYSTEM32\UMPDC.dll
0x00007ffbf26a0000 - 0x00007ffbf26bb000 	C:\Windows\SYSTEM32\kernel.appcore.dll
0x00007ffbe7d70000 - 0x00007ffbe7d7a000 	C:\Program Files\Android\Android Studio\jbr\bin\jimage.dll
0x00007ffbf0f10000 - 0x00007ffbf115c000 	C:\Windows\SYSTEM32\DBGHELP.DLL
0x00007ffbf52a0000 - 0x00007ffbf5625000 	C:\Windows\System32\combase.dll
0x00007ffbf5630000 - 0x00007ffbf5709000 	C:\Windows\System32\OLEAUT32.dll
0x00007ffbe6660000 - 0x00007ffbe669b000 	C:\Windows\SYSTEM32\dbgcore.DLL
0x00007ffbf4280000 - 0x00007ffbf432c000 	C:\Windows\System32\bcryptPrimitives.dll
0x00007ffbe4480000 - 0x00007ffbe449f000 	C:\Program Files\Android\Android Studio\jbr\bin\java.dll
0x00007ffbf4d00000 - 0x00007ffbf4e9a000 	C:\Windows\System32\ole32.dll
0x00007ffbf5f00000 - 0x00007ffbf6698000 	C:\Windows\System32\SHELL32.dll
0x00007ffbe4460000 - 0x00007ffbe4477000 	C:\Program Files\Android\Android Studio\jbr\bin\zip.dll
0x00007ffbf1340000 - 0x00007ffbf1bee000 	C:\Windows\SYSTEM32\windows.storage.dll
0x00007ffbf4fc0000 - 0x00007ffbf50bb000 	C:\Windows\System32\SHCORE.dll
0x00007ffbf5e90000 - 0x00007ffbf5ef6000 	C:\Windows\System32\shlwapi.dll
0x00007ffbf3800000 - 0x00007ffbf3829000 	C:\Windows\SYSTEM32\profapi.dll
0x00007ffbe6340000 - 0x00007ffbe6350000 	C:\Program Files\Android\Android Studio\jbr\bin\net.dll
0x00007ffbf2c70000 - 0x00007ffbf2cdc000 	C:\Windows\system32\mswsock.dll
0x00007ffbe4440000 - 0x00007ffbe4456000 	C:\Program Files\Android\Android Studio\jbr\bin\nio.dll

JVMTI agents: none

dbghelp: loaded successfully - version: 4.0.5 - missing functions: none
symbol engine: initialized successfully - sym options: 0x614 - pdb path: .;C:\Program Files\Android\Android Studio\jbr\bin;C:\Windows\SYSTEM32;C:\Windows\WinSxS\amd64_microsoft.windows.common-controls_6595b64144ccf1df_6.0.26100.9278_none_3e0d1ba8e3303201;C:\Program Files\Android\Android Studio\jbr\bin\server

VM Arguments:
jvm_args: -Dapplication.home=C:\Program Files\Android\Android Studio\jbr -Xms8m -Djdk.module.main=jdk.jlink 
java_command: jdk.jlink/jdk.tools.jmod.Main create --module-version 25 --target-platform LINUX-OTHER --class-path C:\Users\theof\.gradle\caches\9.6.0\transforms\efa8cd66b27539c479728d1cd89555dc\transformed\output\temp\module.jar C:\Users\theof\.gradle\caches\9.6.0\transforms\efa8cd66b27539c479728d1cd89555dc\transformed\output\temp\jmod\java.base.jmod
java_class_path (initial): <not set>
Launcher Type: SUN_STANDARD

[Global flags]
     intx CICompilerCount                          = 4                                         {product} {ergonomic}
     uint ConcGCThreads                            = 3                                         {product} {ergonomic}
     uint G1ConcRefinementThreads                  = 10                                        {product} {ergonomic}
   size_t G1HeapRegionSize                         = 1048576                                   {product} {ergonomic}
   size_t InitialHeapSize                          = 8388608                                   {product} {command line}
   size_t MarkStackSize                            = 4194304                                   {product} {ergonomic}
   size_t MarkStackSizeMax                         = 536870912                                 {product} {ergonomic}
   size_t MaxHeapSize                              = 2069889024                                {product} {ergonomic}
   size_t MaxNewSize                               = 1241513984                                {product} {ergonomic}
   size_t MinHeapDeltaBytes                        = 1048576                                   {product} {ergonomic}
   size_t MinHeapSize                              = 8388608                                   {product} {command line}
    uintx NonNMethodCodeHeapSize                   = 5832704                                {pd product} {ergonomic}
    uintx NonProfiledCodeHeapSize                  = 122945536                              {pd product} {ergonomic}
    uintx ProfiledCodeHeapSize                     = 122880000                              {pd product} {ergonomic}
    uintx ReservedCodeCacheSize                    = 251658240                              {pd product} {ergonomic}
     bool SegmentedCodeCache                       = true                                      {product} {ergonomic}
   size_t SoftMaxHeapSize                          = 2069889024                             {manageable} {ergonomic}
     bool UseCompressedOops                        = true                           {product lp64_product} {ergonomic}
     bool UseG1GC                                  = true                                      {product} {ergonomic}
     bool UseLargePagesIndividualAllocation        = false                                  {pd product} {ergonomic}

Logging:
Log output configuration:
 #0: stdout all=warning uptime,level,tags foldmultilines=false
 #1: stderr all=off uptime,level,tags foldmultilines=false

Release file:
JAVA_VERSION="25.0.2" 
MODULES="java.base java.compiler java.datatransfer java.xml java.prefs java.desktop java.instrument java.logging java.management java.security.sasl java.naming java.rmi java.management.rmi java.net.http java.scripting java.security.jgss java.transaction.xa java.sql java.sql.rowset java.xml.crypto java.se java.smartcardio jdk.accessibility jdk.internal.jvmstat jdk.attach jdk.charsets jdk.internal.opt jdk.zipfs jdk.compiler jdk.crypto.cryptoki jdk.crypto.ec jdk.dynalink jdk.hotspot.agent jdk.httpserver jdk.internal.ed jdk.internal.le jdk.internal.md jdk.internal.vm.ci jdk.jartool jdk.javadoc jdk.jcmd jdk.jdeps jdk.jdwp.agent jdk.jdi jdk.jfr jdk.jlink jdk.localedata jdk.management jdk.management.agent jdk.management.jfr jdk.naming.dns jdk.naming.rmi jdk.net jdk.sctp jdk.security.auth jdk.security.jgss jdk.unsupported jdk.unsupported.desktop jdk.xml.dom" 
IMPLEMENTOR="JetBrains s.r.o." 
JAVA_RUNTIME_VERSION="25.0.2+-15348964-b329.117" 
LIBC="default" 
OS_ARCH="x86_64" 
OS_NAME="Windows" 
SOURCE=".:git:3cf398e84a39" 

Environment Variables:
PATH=C:\Windows\system32;C:\Windows;C:\Windows\System32\Wbem;C:\Windows\System32\WindowsPowerShell\v1.0\;C:\Windows\System32\OpenSSH\;C:\Program Files (x86)\NVIDIA Corporation\PhysX\Common;C:\Program Files\NVIDIA Corporation\NVIDIA App\NvDLISR;C:\Program Files\Git\cmd;C:\Users\theof\.local\bin;C:\Users\theof\AppData\Local\Microsoft\WindowsApps;C:\Users\theof\AppData\Local\Programs\Microsoft VS Code\bin;C:\Users\theof\AppData\Local\Python\bin
USERNAME=theof
OS=Windows_NT
PROCESSOR_IDENTIFIER=Intel64 Family 6 Model 186 Stepping 2, GenuineIntel
TMP=C:\Users\theof\AppData\Local\Temp
TEMP=C:\Users\theof\AppData\Local\Temp




Compilation memory statistics disabled.

Periodic native trim disabled

JNI global refs:
JNI global refs: 8, weak refs: 0

JNI global refs memory usage: 835, weak refs: 833

Process memory usage:
Resident Set Size: 59088K (0% of 8085368K total physical memory with 259204K free physical memory)

OOME stack traces (most recent first):
Classloader memory used:
Loader bootstrap                                                                       : 10082 K
Loader jdk.internal.loader.ClassLoaders$AppClassLoader                                 : 304 K

---------------  S Y S T E M  ---------------

OS:
 Windows 11 , 64 bit Build 26100 (10.0.26100.9444)
OS uptime: 8 days 4:41 hours
Hyper-V role detected

CPU: total 12 (initial active 12) (6 cores per cpu, 2 threads per core) family 6 model 186 stepping 2 microcode 0x5105, cx8, cmov, fxsr, ht, mmx, 3dnowpref, sse, sse2, sse3, ssse3, sse4.1, sse4.2, popcnt, lzcnt, tsc, tscinvbit, avx, avx2, aes, erms, clmul, bmi1, bmi2, adx, sha, fma, vzeroupper, clflush, clflushopt, clwb, hv, serialize, rdtscp, rdpid, fsrm, gfni, f16c, cet_ibt, cet_ss
Processor Information for processor 0
  Max Mhz: 2100, Current Mhz: 2100, Mhz Limit: 2100
Processor Information for processor 1
  Max Mhz: 2100, Current Mhz: 2100, Mhz Limit: 2100
Processor Information for processor 2
  Max Mhz: 2100, Current Mhz: 2100, Mhz Limit: 2100
Processor Information for processor 3
  Max Mhz: 2100, Current Mhz: 2100, Mhz Limit: 2100
Processor Information for processor 4
  Max Mhz: 2100, Current Mhz: 2100, Mhz Limit: 2100
Processor Information for processor 5
  Max Mhz: 2100, Current Mhz: 2100, Mhz Limit: 2100
Processor Information for processor 6
  Max Mhz: 2100, Current Mhz: 2100, Mhz Limit: 2100
Processor Information for processor 7
  Max Mhz: 2100, Current Mhz: 2100, Mhz Limit: 2100
Processor Information for processor 8
  Max Mhz: 2100, Current Mhz: 2100, Mhz Limit: 2100
Processor Information for processor 9
  Max Mhz: 2100, Current Mhz: 2100, Mhz Limit: 2100
Processor Information for processor 10
  Max Mhz: 2100, Current Mhz: 2100, Mhz Limit: 2100
Processor Information for processor 11
  Max Mhz: 2100, Current Mhz: 1540, Mhz Limit: 2100

Memory: 4k page, system-wide physical 7895M (253M free)
TotalPageFile size 32471M (AvailPageFile size 5M)
current process WorkingSet (physical memory assigned to process): 57M, peak: 57M
current process commit charge ("private bytes"): 97M, peak: 100M

vm_info: OpenJDK 64-Bit Server VM (25.0.2+-15348964-b329.117) for windows-amd64 JRE (25.0.2+-15348964-b329.117), built on 2026-05-05T18:25:19Z with MS VC++ 16.10 / 16.11 (VS2019)

END.
